     1 00000000                                 [FORMAT "WCOFF"]				; 生成对象文件的模式	
     2 00000000                                 [INSTRSET "i486p"]				; 使用 486 兼容模式
     3 00000000                                 [BITS 32]						; 使用 32 位模式机器语言
     4 00000000                                 [FILE "api018.nas"]				; 源文件信息名
     5 00000000                                 
     6 00000000                                     GLOBAL _api_settimer
     7 00000000                                 
     8                                          [SECTION .text]
     9 00000000                                 _api_settimer:		; void api_settimer(int timer, int time);
    10 00000000 53                              	PUSH EBX
    11 00000001 BA 00000012                     	MOV	EDX,18
    12 00000006 8B 5C 24 08                     	MOV	EBX, [ESP + 8]		; timer
    13 0000000A 8B 44 24 0C                     	MOV	EAX, [ESP + 12]		; time
    14 0000000E CD 40                           	INT	0x40
    15 00000010 5B                              	POP	EBX
    16 00000011 C3                              	RET